IP6 (class 0xc0, hlim 1, next-header UDP (17) payload length: 428) fe80::b299:28ff:fec8:d646.6696 > ff02::1:6.6696: [udp sum ok] babel 2 (416)
	Hello seqno 49146 interval 10
	PC/TS packet counter 1 timestamp 1341883553
	Hash Digest key-id 30 dlen 20 digest F241C89C5CA3C529318CADDAA94159F6BE980A38
	Hash Digest key-id 50 dlen 32 digest DBD54F3E22400C810F152317DA9E48F31F8BBBC1C639E584A0DA4E9CA70C9817
	Hash Digest key-id 1000 dlen 64 digest 62F1C4D9CDA325D7D688823C8CD8696CFC186C61571E61C402A875AECAB950C2F490A18BEA05AFE281EF006E47641BE3B184C544CEE30A1A2CEB58ED199777E6
	Hash Digest key-id 1000 dlen 48 digest 806DE17066ABB44987FC542FF0261582F293C654170A51066B5AEC2518B3811203234B663506E13E65433C32E9A7ADE2
	Hash Digest key-id 100 dlen 20 digest F03A90F81052BC44A5B42652BB8E9F6ABDAC1574
	Hash Digest key-id 2000 dlen 64 digest 567A330662E9A86DF52D88EDA2E68E57EE66B04C537820690DA06D11C0669292B13152FA8256599C59C391E3849C7B51718F7D28BEF94289D4758215C00519D5
	Hash Digest key-id 2000 dlen 48 digest 444250292FD14582E71F3E98B8EE36E4AD306CDC9AC261285BA20278A9DD07725A432566054397F080431D0AAD55AF9A
	Hash Digest key-id 3000 dlen 64 digest 7AA0B5EE9B8C46682CB9EAAA733CDD290D4DDE1252220543DEF324CDF577D9BEB4CCADA20186C7B6024B2A0B000F6823CA8733F337AEDE801BD27E9DC34087EE
