10:50:09.891237000 IP 202.108.87.165.62146 > pdf8435de.tokynt01.ap.so-net.ne.jp.22: Flags [S], seq 4082233688, win 65535, options [mss 1460,nop,wscale 6,nop,nop,TS val 1948436430 ecr 0,sackOK,eol], length 0
10:50:09.916918000 IP pdf8435de.tokynt01.ap.so-net.ne.jp.22 > 202.108.87.165.62146: Flags [S.], seq 2455219014, ack 4082233689, win 28960, options [mss 1460,sackOK,nop,nop,nop,nop,nop,nop,nop,nop,nop,nop,nop,wscale 7], length 0
10:50:09.916972000 IP 202.108.87.165.62146 > pdf8435de.tokynt01.ap.so-net.ne.jp.22: Flags [.], ack 1, win 4096, length 0
10:50:09.917574000 IP 202.108.87.165.62146 > pdf8435de.tokynt01.ap.so-net.ne.jp.22: Flags [P.], seq 1:22, ack 1, win 4096, length 21: SSH: SSH-2.0-OpenSSH_7.8
10:50:09.944464000 IP pdf8435de.tokynt01.ap.so-net.ne.jp.22 > 202.108.87.165.62146: Flags [.], ack 22, win 227, options [nop,nop,nop,nop,nop,nop,nop,nop,nop,nop,nop,nop], length 0
10:50:09.945545000 IP pdf8435de.tokynt01.ap.so-net.ne.jp.22 > 202.108.87.165.62146: Flags [P.], seq 1:40, ack 22, win 227, options [nop,nop,nop,nop,nop,nop,nop,nop,nop,nop,nop,nop], length 39: SSH: SSH-2.0-OpenSSH_7.4p1 Debian-10+deb9u3
10:50:09.945615000 IP 202.108.87.165.62146 > pdf8435de.tokynt01.ap.so-net.ne.jp.22: Flags [.], ack 40, win 4095, length 0
10:50:09.946159000 IP 202.108.87.165.62146 > pdf8435de.tokynt01.ap.so-net.ne.jp.22: Flags [P.], seq 22:1414, ack 40, win 4096, length 1392
10:50:09.966036000 IP pdf8435de.tokynt01.ap.so-net.ne.jp.22 > 202.108.87.165.62146: Flags [P.], seq 40:536, ack 22, win 227, options [nop,nop,nop,nop,nop,nop,nop,nop,nop,nop,nop,nop], length 496
10:50:09.966200000 IP 202.108.87.165.62146 > pdf8435de.tokynt01.ap.so-net.ne.jp.22: Flags [.], ack 536, win 4088, length 0
10:50:10.004152000 IP pdf8435de.tokynt01.ap.so-net.ne.jp.22 > 202.108.87.165.62146: Flags [.], ack 1414, win 249, options [nop,nop,nop,nop,nop,nop,nop,nop,nop,nop,nop,nop], length 0
10:50:10.004222000 IP 202.108.87.165.62146 > pdf8435de.tokynt01.ap.so-net.ne.jp.22: Flags [P.], seq 1414:1462, ack 536, win 4096, length 48
10:50:10.093620000 IP pdf8435de.tokynt01.ap.so-net.ne.jp.22 > 202.108.87.165.62146: Flags [.], ack 1462, win 249, options [nop,nop,nop,nop,nop,nop,nop,nop,nop,nop,nop,nop], length 0
10:50:10.119320000 IP pdf8435de.tokynt01.ap.so-net.ne.jp.22 > 202.108.87.165.62146: Flags [P.], seq 536:1300, ack 1462, win 249, options [nop,nop,nop,nop,nop,nop,nop,nop,nop,nop,nop,nop], length 764
10:50:10.119391000 IP 202.108.87.165.62146 > pdf8435de.tokynt01.ap.so-net.ne.jp.22: Flags [.], ack 1300, win 4084, length 0
10:50:10.123330000 IP 202.108.87.165.62146 > pdf8435de.tokynt01.ap.so-net.ne.jp.22: Flags [P.], seq 1462:1478, ack 1300, win 4096, length 16
10:50:10.191751000 IP pdf8435de.tokynt01.ap.so-net.ne.jp.22 > 202.108.87.165.62146: Flags [.], ack 1478, win 249, options [nop,nop,nop,nop,nop,nop,nop,nop,nop,nop,nop,nop], length 0
10:50:10.191831000 IP 202.108.87.165.62146 > pdf8435de.tokynt01.ap.so-net.ne.jp.22: Flags [P.], seq 1478:1522, ack 1300, win 4096, length 44
10:50:10.206243000 IP pdf8435de.tokynt01.ap.so-net.ne.jp.22 > 202.108.87.165.62146: Flags [.], ack 1522, win 249, options [nop,nop,nop,nop,nop,nop,nop,nop,nop,nop,nop,nop], length 0
10:50:10.207499000 IP pdf8435de.tokynt01.ap.so-net.ne.jp.22 > 202.108.87.165.62146: Flags [P.], seq 1300:1344, ack 1522, win 249, options [nop,nop,nop,nop,nop,nop,nop,nop,nop,nop,nop,nop], length 44
10:50:10.207571000 IP 202.108.87.165.62146 > pdf8435de.tokynt01.ap.so-net.ne.jp.22: Flags [.], ack 1344, win 4095, length 0
10:50:10.207658000 IP 202.108.87.165.62146 > pdf8435de.tokynt01.ap.so-net.ne.jp.22: Flags [P.], seq 1522:1582, ack 1344, win 4096, length 60
10:50:10.222651000 IP pdf8435de.tokynt01.ap.so-net.ne.jp.22 > 202.108.87.165.62146: Flags [P.], seq 1344:1396, ack 1582, win 249, options [nop,nop,nop,nop,nop,nop,nop,nop,nop,nop,nop,nop], length 52
10:50:10.222724000 IP 202.108.87.165.62146 > pdf8435de.tokynt01.ap.so-net.ne.jp.22: Flags [.], ack 1396, win 4095, length 0
10:50:10.222884000 IP 202.108.87.165.62146 > pdf8435de.tokynt01.ap.so-net.ne.jp.22: Flags [P.], seq 1582:2714, ack 1396, win 4096, length 1132
10:50:10.240953000 IP pdf8435de.tokynt01.ap.so-net.ne.jp.22 > 202.108.87.165.62146: Flags [P.], seq 1396:2488, ack 2714, win 271, options [nop,nop,nop,nop,nop,nop,nop,nop,nop,nop,nop,nop], length 1092
10:50:10.241024000 IP 202.108.87.165.62146 > pdf8435de.tokynt01.ap.so-net.ne.jp.22: Flags [.], ack 2488, win 4078, length 0
10:50:10.319360000 IP 202.108.87.165.62146 > pdf8435de.tokynt01.ap.so-net.ne.jp.22: Flags [.], seq 2714:4174, ack 2488, win 4096, length 1460
10:50:10.319361000 IP 202.108.87.165.62146 > pdf8435de.tokynt01.ap.so-net.ne.jp.22: Flags [P.], seq 4174:4886, ack 2488, win 4096, length 712
10:50:10.335209000 IP pdf8435de.tokynt01.ap.so-net.ne.jp.22 > 202.108.87.165.62146: Flags [.], ack 4886, win 317, options [nop,nop,nop,nop,nop,nop,nop,nop,nop,nop,nop,nop], length 0
10:50:10.348975000 IP pdf8435de.tokynt01.ap.so-net.ne.jp.22 > 202.108.87.165.62146: Flags [P.], seq 2488:2516, ack 4886, win 317, options [nop,nop,nop,nop,nop,nop,nop,nop,nop,nop,nop,nop], length 28
10:50:10.349081000 IP 202.108.87.165.62146 > pdf8435de.tokynt01.ap.so-net.ne.jp.22: Flags [.], ack 2516, win 4095, length 0
10:50:10.349526000 IP 202.108.87.165.62146 > pdf8435de.tokynt01.ap.so-net.ne.jp.22: Flags [P.], seq 4886:4998, ack 2516, win 4096, length 112
10:50:10.363577000 IP pdf8435de.tokynt01.ap.so-net.ne.jp.22 > 202.108.87.165.62146: Flags [P.], seq 2516:2912, ack 4886, win 317, options [nop,nop,nop,nop,nop,nop,nop,nop,nop,nop,nop,nop], length 396
10:50:10.363713000 IP 202.108.87.165.62146 > pdf8435de.tokynt01.ap.so-net.ne.jp.22: Flags [.], ack 2912, win 4089, length 0
10:50:10.379854000 IP pdf8435de.tokynt01.ap.so-net.ne.jp.22 > 202.108.87.165.62146: Flags [P.], seq 2912:2956, ack 4998, win 317, options [nop,nop,nop,nop,nop,nop,nop,nop,nop,nop,nop,nop], length 44
10:50:10.379944000 IP 202.108.87.165.62146 > pdf8435de.tokynt01.ap.so-net.ne.jp.22: Flags [.], ack 2956, win 4095, length 0
10:50:10.380586000 IP 202.108.87.165.62146 > pdf8435de.tokynt01.ap.so-net.ne.jp.22: Flags [P.], seq 4998:5186, ack 2956, win 4096, length 188
10:50:10.397660000 IP pdf8435de.tokynt01.ap.so-net.ne.jp.22 > 202.108.87.165.62146: Flags [P.], seq 2956:3028, ack 5186, win 340, options [nop,nop,nop,nop,nop,nop,nop,nop,nop,nop,nop,nop], length 72
10:50:10.397833000 IP 202.108.87.165.62146 > pdf8435de.tokynt01.ap.so-net.ne.jp.22: Flags [.], ack 3028, win 4094, length 0
10:50:10.413471000 IP pdf8435de.tokynt01.ap.so-net.ne.jp.22 > 202.108.87.165.62146: Flags [P.], seq 3028:3136, ack 5186, win 340, options [nop,nop,nop,nop,nop,nop,nop,nop,nop,nop,nop,nop], length 108
10:50:10.413539000 IP 202.108.87.165.62146 > pdf8435de.tokynt01.ap.so-net.ne.jp.22: Flags [.], ack 3136, win 4094, length 0
10:50:10.416235000 IP pdf8435de.tokynt01.ap.so-net.ne.jp.22 > 202.108.87.165.62146: Flags [P.], seq 3136:3312, ack 5186, win 340, options [nop,nop,nop,nop,nop,nop,nop,nop,nop,nop,nop,nop], length 176
10:50:10.416295000 IP 202.108.87.165.62146 > pdf8435de.tokynt01.ap.so-net.ne.jp.22: Flags [.], ack 3312, win 4093, length 0
10:50:10.416417000 IP 202.108.87.165.62146 > pdf8435de.tokynt01.ap.so-net.ne.jp.22: Flags [P.], seq 5186:5222, ack 3312, win 4096, length 36
10:50:10.416417000 IP 202.108.87.165.62146 > pdf8435de.tokynt01.ap.so-net.ne.jp.22: Flags [P.], seq 5222:5282, ack 3312, win 4096, length 60
10:50:10.417744000 IP 202.108.87.165.62146 > pdf8435de.tokynt01.ap.so-net.ne.jp.22: Flags [F.], seq 5282, ack 3312, win 4096, length 0
10:50:10.446501000 IP pdf8435de.tokynt01.ap.so-net.ne.jp.22 > 202.108.87.165.62146: Flags [.], ack 5186, win 340, options [nop,nop,nop,nop,nop,nop,nop,nop,nop,nop,nop,nop,nop,nop,sack 1 {5282:5283}], length 0
10:50:10.446622000 IP 202.108.87.165.62146 > pdf8435de.tokynt01.ap.so-net.ne.jp.22: Flags [FP.], seq 5186:5282, ack 3312, win 4096, length 96
10:50:10.456121000 IP pdf8435de.tokynt01.ap.so-net.ne.jp.22 > 202.108.87.165.62146: Flags [.], ack 5222, win 340, options [nop,nop,nop,nop,nop,nop,nop,nop,nop,nop,nop,nop,nop,nop,sack 1 {5282:5283}], length 0
10:50:10.456127000 IP pdf8435de.tokynt01.ap.so-net.ne.jp.22 > 202.108.87.165.62146: Flags [.], ack 5283, win 340, options [nop,nop,nop,nop,nop,nop,nop,nop,nop,nop,nop,nop], length 0
10:50:10.456128000 IP pdf8435de.tokynt01.ap.so-net.ne.jp.22 > 202.108.87.165.62146: Flags [F.], seq 3312, ack 5283, win 340, options [nop,nop,nop,nop,nop,nop,nop,nop,nop,nop,nop,nop], length 0
10:50:10.456384000 IP 202.108.87.165.62146 > pdf8435de.tokynt01.ap.so-net.ne.jp.22: Flags [.], ack 3313, win 4096, length 0
10:50:10.466614000 IP pdf8435de.tokynt01.ap.so-net.ne.jp.22 > 202.108.87.165.62146: Flags [.], ack 5283, win 340, options [nop,nop,nop,nop,nop,nop,nop,nop,nop,nop,nop,nop,nop,nop,sack 1 {5186:5283}], length 0
EXIT CODE 00000100: dump:0 code: 1
